error: usage of wildcard import
  --> $DIR/wildcard_imports.rs:12:5
   |
LL | use utils_plus::*;
   |     ^^^^^^^^^^^^^ help: try: `utils_plus::do_something`
   |
   = note: `-D clippy::wildcard-imports` implied by `-D warnings`
   = help: to override `-D warnings` add `#[allow(clippy::wildcard_imports)]`

error: aborting due to 1 previous error

