error: borrow of a named constant with interior mutability
  --> tests/ui/borrow_interior_mutable_const/enums.rs:22:13
   |
LL |     let _ = &UNFROZEN_VARIANT;
   |             ^^^^^^^^^^^^^^^^^
   |
   = help: this lint can be silenced by assigning the value to a local variable before borrowing
note: the lint level is defined here
  --> tests/ui/borrow_interior_mutable_const/enums.rs:3:9
   |
LL | #![deny(clippy::borrow_interior_mutable_const)]
   |         ^^^^^^^^^^^^^^^^^^^^^^^^^^^^^^^^^^^^^

error: borrow of a named constant with interior mutability
  --> tests/ui/borrow_interior_mutable_const/enums.rs:50:17
   |
LL |         let _ = &<Self as AssocConsts>::TO_BE_UNFROZEN_VARIANT;
   |                 ^^^^^^^^^^^^^^^^^^^^^^^^^^^^^^^^^^^^^^^^^^^^^^
   |
   = help: this lint can be silenced by assigning the value to a local variable before borrowing

error: borrow of a named constant with interior mutability
  --> tests/ui/borrow_interior_mutable_const/enums.rs:52:17
   |
LL |         let _ = &Self::DEFAULTED_ON_UNFROZEN_VARIANT;
   |                 ^^^^^^^^^^^^^^^^^^^^^^^^^^^^^^^^^^^^
   |
   = help: this lint can be silenced by assigning the value to a local variable before borrowing

error: borrow of a named constant with interior mutability
  --> tests/ui/borrow_interior_mutable_const/enums.rs:74:17
   |
LL |         let _ = &<Self as AssocTypes>::TO_BE_UNFROZEN_VARIANT;
   |                 ^^^^^^^^^^^^^^^^^^^^^^^^^^^^^^^^^^^^^^^^^^^^^
   |
   = help: this lint can be silenced by assigning the value to a local variable before borrowing

error: borrow of a named constant with interior mutability
  --> tests/ui/borrow_interior_mutable_const/enums.rs:91:17
   |
LL |         let _ = &Self::UNFROZEN_VARIANT;
   |                 ^^^^^^^^^^^^^^^^^^^^^^^
   |
   = help: this lint can be silenced by assigning the value to a local variable before borrowing

error: borrow of a named constant with interior mutability
  --> tests/ui/borrow_interior_mutable_const/enums.rs:99:13
   |
LL |     let _ = &helper::WRAPPED_PRIVATE_UNFROZEN_VARIANT;
   |             ^^^^^^^^^^^^^^^^^^^^^^^^^^^^^^^^^^^^^^^^^
   |
   = help: this lint can be silenced by assigning the value to a local variable before borrowing

error: aborting due to 6 previous errors

