error: #[allow] attribute found
  --> $DIR/allow_attributes.rs:14:3
   |
LL | #[allow(dead_code)]
   |   ^^^^^ help: replace it with: `expect`
   |
   = note: `-D clippy::allow-attributes` implied by `-D warnings`

error: aborting due to previous error

