error: this looks like you are trying to swap `a` and `b`
  --> $DIR/almost_swapped.rs:7:5
   |
LL | /     let a = b;
LL | |     let b = a;
   | |______________^
   |
   = note: `-D clippy::almost-swapped` implied by `-D warnings`
   = note: maybe you could use `std::mem::swap(&mut a, &mut b)` or `std::mem::replace`?

error: this looks like you are trying to swap `d` and `c`
  --> $DIR/almost_swapped.rs:12:5
   |
LL | /     d = c;
LL | |     c = d;
   | |_________^ help: try: `std::mem::swap(&mut d, &mut c)`
   |
   = note: or maybe you should use `std::mem::replace`?

error: this looks like you are trying to swap `b` and `a`
  --> $DIR/almost_swapped.rs:16:5
   |
LL | /     let a = b;
LL | |     b = a;
   | |_________^
   |
   = note: maybe you could use `std::mem::swap(&mut b, &mut a)` or `std::mem::replace`?

error: aborting due to 3 previous errors

