error: empty doc comment
  --> tests/ui/empty_docs.rs:10:1
   |
LL | ///
   | ^^^
   |
   = help: consider removing or filling it
   = note: `-D clippy::empty-docs` implied by `-D warnings`
   = help: to override `-D warnings` add `#[allow(clippy::empty_docs)]`

error: empty doc comment
  --> tests/ui/empty_docs.rs:31:1
   |
LL | #[doc = ""]
   | ^^^^^^^^^^^
   |
   = help: consider removing or filling it

error: empty doc comment
  --> tests/ui/empty_docs.rs:34:1
   |
LL | / #[doc = ""]
LL | | #[doc = ""]
   | |___________^
   |
   = help: consider removing or filling it

error: empty doc comment
  --> tests/ui/empty_docs.rs:42:5
   |
LL |     //!
   |     ^^^
   |
   = help: consider removing or filling it

error: empty doc comment
  --> tests/ui/empty_docs.rs:56:5
   |
LL |     /*! */
   |     ^^^^^^
   |
   = help: consider removing or filling it

error: aborting due to 5 previous errors

