error: current MSRV (Minimum Supported Rust Version) is `1.3.0` but this item is stable since `1.10.0`
  --> tests/ui/incompatible_msrv.rs:13:39
   |
LL |     assert_eq!(map.entry("poneyland").key(), &"poneyland");
   |                                       ^^^^^
   |
   = note: `-D clippy::incompatible-msrv` implied by `-D warnings`
   = help: to override `-D warnings` add `#[allow(clippy::incompatible_msrv)]`

error: current MSRV (Minimum Supported Rust Version) is `1.3.0` but this item is stable since `1.12.0`
  --> tests/ui/incompatible_msrv.rs:19:11
   |
LL |         v.into_key();
   |           ^^^^^^^^^^

error: current MSRV (Minimum Supported Rust Version) is `1.3.0` but this item is stable since `1.4.0`
  --> tests/ui/incompatible_msrv.rs:23:5
   |
LL |     sleep(Duration::new(1, 0));
   |     ^^^^^

error: current MSRV (Minimum Supported Rust Version) is `1.3.0` but this item is stable since `1.43.0`
  --> tests/ui/incompatible_msrv.rs:47:17
   |
LL |         let _ = core::iter::once_with(|| 0);
   |                 ^^^^^^^^^^^^^^^^^^^^^

error: current MSRV (Minimum Supported Rust Version) is `1.3.0` but this item is stable since `1.43.0`
  --> tests/ui/incompatible_msrv.rs:54:21
   |
LL |             let _ = core::iter::once_with(|| $msg);
   |                     ^^^^^^^^^^^^^^^^^^^^^
...
LL |     my_panic!("foo");
   |     ---------------- in this macro invocation
   |
   = note: this error originates in the macro `my_panic` (in Nightly builds, run with -Z macro-backtrace for more info)

error: current MSRV (Minimum Supported Rust Version) is `1.3.0` but this item is stable since `1.43.0`
  --> tests/ui/incompatible_msrv.rs:61:13
   |
LL |     assert!(core::iter::once_with(|| 0).next().is_some());
   |             ^^^^^^^^^^^^^^^^^^^^^

error: current MSRV (Minimum Supported Rust Version) is `1.80.0` but this item is stable since `1.82.0`
  --> tests/ui/incompatible_msrv.rs:74:13
   |
LL |     let _ = std::iter::repeat_n((), 5);
   |             ^^^^^^^^^^^^^^^^^^^

error: current MSRV (Minimum Supported Rust Version) is `1.3.0` but this item is stable since `1.82.0`
  --> tests/ui/incompatible_msrv.rs:79:13
   |
LL |     let _ = std::iter::repeat_n((), 5);
   |             ^^^^^^^^^^^^^^^^^^^

error: current MSRV (Minimum Supported Rust Version) is `1.3.0` but this item is stable since `1.82.0`
  --> tests/ui/incompatible_msrv.rs:84:17
   |
LL |         let _ = std::iter::repeat_n((), 5);
   |                 ^^^^^^^^^^^^^^^^^^^
   |
   = note: you may want to conditionally increase the MSRV considered by Clippy using the `clippy::msrv` attribute

error: current MSRV (Minimum Supported Rust Version) is `1.3.0` but this item is stable since `1.82.0`
  --> tests/ui/incompatible_msrv.rs:89:17
   |
LL |         let _ = std::iter::repeat_n((), 5);
   |                 ^^^^^^^^^^^^^^^^^^^

error: aborting due to 10 previous errors

