error: because of the numeric bounds on `u8` prior to casting, this expression is always false
  --> tests/ui/invalid_upcast_comparisons.rs:21:5
   |
LL |     (u8 as u32) > 300;
   |     ^^^^^^^^^^^^^^^^^
   |
   = note: `-D clippy::invalid-upcast-comparisons` implied by `-D warnings`
   = help: to override `-D warnings` add `#[allow(clippy::invalid_upcast_comparisons)]`

error: because of the numeric bounds on `u8` prior to casting, this expression is always false
  --> tests/ui/invalid_upcast_comparisons.rs:25:5
   |
LL |     (u8 as i32) > 300;
   |     ^^^^^^^^^^^^^^^^^

error: because of the numeric bounds on `u8` prior to casting, this expression is always false
  --> tests/ui/invalid_upcast_comparisons.rs:28:5
   |
LL |     (u8 as u32) == 300;
   |     ^^^^^^^^^^^^^^^^^^

error: because of the numeric bounds on `u8` prior to casting, this expression is always false
  --> tests/ui/invalid_upcast_comparisons.rs:31:5
   |
LL |     (u8 as i32) == 300;
   |     ^^^^^^^^^^^^^^^^^^

error: because of the numeric bounds on `u8` prior to casting, this expression is always false
  --> tests/ui/invalid_upcast_comparisons.rs:34:5
   |
LL |     300 < (u8 as u32);
   |     ^^^^^^^^^^^^^^^^^

error: because of the numeric bounds on `u8` prior to casting, this expression is always false
  --> tests/ui/invalid_upcast_comparisons.rs:37:5
   |
LL |     300 < (u8 as i32);
   |     ^^^^^^^^^^^^^^^^^

error: because of the numeric bounds on `u8` prior to casting, this expression is always false
  --> tests/ui/invalid_upcast_comparisons.rs:40:5
   |
LL |     300 == (u8 as u32);
   |     ^^^^^^^^^^^^^^^^^^

error: because of the numeric bounds on `u8` prior to casting, this expression is always false
  --> tests/ui/invalid_upcast_comparisons.rs:43:5
   |
LL |     300 == (u8 as i32);
   |     ^^^^^^^^^^^^^^^^^^

error: because of the numeric bounds on `u8` prior to casting, this expression is always true
  --> tests/ui/invalid_upcast_comparisons.rs:47:5
   |
LL |     (u8 as u32) <= 300;
   |     ^^^^^^^^^^^^^^^^^^

error: because of the numeric bounds on `u8` prior to casting, this expression is always true
  --> tests/ui/invalid_upcast_comparisons.rs:50:5
   |
LL |     (u8 as i32) <= 300;
   |     ^^^^^^^^^^^^^^^^^^

error: because of the numeric bounds on `u8` prior to casting, this expression is always true
  --> tests/ui/invalid_upcast_comparisons.rs:53:5
   |
LL |     (u8 as u32) != 300;
   |     ^^^^^^^^^^^^^^^^^^

error: because of the numeric bounds on `u8` prior to casting, this expression is always true
  --> tests/ui/invalid_upcast_comparisons.rs:56:5
   |
LL |     (u8 as i32) != 300;
   |     ^^^^^^^^^^^^^^^^^^

error: because of the numeric bounds on `u8` prior to casting, this expression is always true
  --> tests/ui/invalid_upcast_comparisons.rs:59:5
   |
LL |     300 >= (u8 as u32);
   |     ^^^^^^^^^^^^^^^^^^

error: because of the numeric bounds on `u8` prior to casting, this expression is always true
  --> tests/ui/invalid_upcast_comparisons.rs:62:5
   |
LL |     300 >= (u8 as i32);
   |     ^^^^^^^^^^^^^^^^^^

error: because of the numeric bounds on `u8` prior to casting, this expression is always true
  --> tests/ui/invalid_upcast_comparisons.rs:65:5
   |
LL |     300 != (u8 as u32);
   |     ^^^^^^^^^^^^^^^^^^

error: because of the numeric bounds on `u8` prior to casting, this expression is always true
  --> tests/ui/invalid_upcast_comparisons.rs:68:5
   |
LL |     300 != (u8 as i32);
   |     ^^^^^^^^^^^^^^^^^^

error: because of the numeric bounds on `u8` prior to casting, this expression is always false
  --> tests/ui/invalid_upcast_comparisons.rs:73:5
   |
LL |     (u8 as i32) < 0;
   |     ^^^^^^^^^^^^^^^

error: because of the numeric bounds on `u8` prior to casting, this expression is always true
  --> tests/ui/invalid_upcast_comparisons.rs:76:5
   |
LL |     -5 != (u8 as i32);
   |     ^^^^^^^^^^^^^^^^^

error: because of the numeric bounds on `u8` prior to casting, this expression is always true
  --> tests/ui/invalid_upcast_comparisons.rs:80:5
   |
LL |     (u8 as i32) >= 0;
   |     ^^^^^^^^^^^^^^^^

error: because of the numeric bounds on `u8` prior to casting, this expression is always false
  --> tests/ui/invalid_upcast_comparisons.rs:83:5
   |
LL |     -5 == (u8 as i32);
   |     ^^^^^^^^^^^^^^^^^

error: because of the numeric bounds on `u8` prior to casting, this expression is always false
  --> tests/ui/invalid_upcast_comparisons.rs:88:5
   |
LL |     1337 == (u8 as i32);
   |     ^^^^^^^^^^^^^^^^^^^

error: because of the numeric bounds on `u8` prior to casting, this expression is always false
  --> tests/ui/invalid_upcast_comparisons.rs:91:5
   |
LL |     1337 == (u8 as u32);
   |     ^^^^^^^^^^^^^^^^^^^

error: because of the numeric bounds on `u8` prior to casting, this expression is always true
  --> tests/ui/invalid_upcast_comparisons.rs:95:5
   |
LL |     1337 != (u8 as i32);
   |     ^^^^^^^^^^^^^^^^^^^

error: because of the numeric bounds on `u8` prior to casting, this expression is always true
  --> tests/ui/invalid_upcast_comparisons.rs:98:5
   |
LL |     1337 != (u8 as u32);
   |     ^^^^^^^^^^^^^^^^^^^

error: because of the numeric bounds on `u8` prior to casting, this expression is always true
  --> tests/ui/invalid_upcast_comparisons.rs:114:5
   |
LL |     (u8 as i32) > -1;
   |     ^^^^^^^^^^^^^^^^

error: because of the numeric bounds on `u8` prior to casting, this expression is always false
  --> tests/ui/invalid_upcast_comparisons.rs:117:5
   |
LL |     (u8 as i32) < -1;
   |     ^^^^^^^^^^^^^^^^

error: because of the numeric bounds on `u8` prior to casting, this expression is always false
  --> tests/ui/invalid_upcast_comparisons.rs:135:5
   |
LL |     -5 >= (u8 as i32);
   |     ^^^^^^^^^^^^^^^^^

error: aborting due to 27 previous errors

