error: needless parenthesis on range literal can be removed
  --> $DIR/needless_parens_on_range_literal.rs:8:13
   |
LL |     let _ = ('a')..=('z');
   |             ^^^^^ help: try: `'a'`
   |
   = note: `-D clippy::needless-parens-on-range-literal` implied by `-D warnings`

error: needless parenthesis on range literal can be removed
  --> $DIR/needless_parens_on_range_literal.rs:8:21
   |
LL |     let _ = ('a')..=('z');
   |                     ^^^^^ help: try: `'z'`

error: needless parenthesis on range literal can be removed
  --> $DIR/needless_parens_on_range_literal.rs:11:19
   |
LL |     let _ = (1.)..(2.);
   |                   ^^^^ help: try: `2.`

error: aborting due to 3 previous errors

