error: redundant type annotation
  --> $DIR/redundant_type_annotations.rs:64:9
   |
LL |         let v: u32 = self.return_an_int(); // Should lint
   |         ^^^^^^^^^^^^^^^^^^^^^^^^^^^^^^^^^^
   |
   = note: `-D clippy::redundant-type-annotations` implied by `-D warnings`

error: redundant type annotation
  --> $DIR/redundant_type_annotations.rs:121:5
   |
LL |     let _return: String = return_a_string();
   |     ^^^^^^^^^^^^^^^^^^^^^^^^^^^^^^^^^^^^^^^^

error: redundant type annotation
  --> $DIR/redundant_type_annotations.rs:123:5
   |
LL |     let _return: Pie = return_a_struct();
   |     ^^^^^^^^^^^^^^^^^^^^^^^^^^^^^^^^^^^^^

error: redundant type annotation
  --> $DIR/redundant_type_annotations.rs:125:5
   |
LL |     let _return: Pizza = return_an_enum();
   |     ^^^^^^^^^^^^^^^^^^^^^^^^^^^^^^^^^^^^^^

error: redundant type annotation
  --> $DIR/redundant_type_annotations.rs:127:5
   |
LL |     let _return: u32 = return_an_int();
   |     ^^^^^^^^^^^^^^^^^^^^^^^^^^^^^^^^^^^

error: redundant type annotation
  --> $DIR/redundant_type_annotations.rs:129:5
   |
LL |     let _return: String = String::new();
   |     ^^^^^^^^^^^^^^^^^^^^^^^^^^^^^^^^^^^^

error: redundant type annotation
  --> $DIR/redundant_type_annotations.rs:131:5
   |
LL |     let new_pie: Pie = Pie::new();
   |     ^^^^^^^^^^^^^^^^^^^^^^^^^^^^^^

error: redundant type annotation
  --> $DIR/redundant_type_annotations.rs:133:5
   |
LL |     let _return: u32 = new_pie.return_an_int();
   |     ^^^^^^^^^^^^^^^^^^^^^^^^^^^^^^^^^^^^^^^^^^^

error: redundant type annotation
  --> $DIR/redundant_type_annotations.rs:137:5
   |
LL |     let _return: u32 = Pie::associated_return_an_int();
   |     ^^^^^^^^^^^^^^^^^^^^^^^^^^^^^^^^^^^^^^^^^^^^^^^^^^^

error: redundant type annotation
  --> $DIR/redundant_type_annotations.rs:139:5
   |
LL |     let _return: String = Pie::associated_return_a_string();
   |     ^^^^^^^^^^^^^^^^^^^^^^^^^^^^^^^^^^^^^^^^^^^^^^^^^^^^^^^^

error: redundant type annotation
  --> $DIR/redundant_type_annotations.rs:143:5
   |
LL |     let _var: u32 = u32::MAX;
   |     ^^^^^^^^^^^^^^^^^^^^^^^^^

error: redundant type annotation
  --> $DIR/redundant_type_annotations.rs:146:5
   |
LL |     let _var: u32 = 5_u32;
   |     ^^^^^^^^^^^^^^^^^^^^^^

error: redundant type annotation
  --> $DIR/redundant_type_annotations.rs:149:5
   |
LL |     let _var: &str = "test";
   |     ^^^^^^^^^^^^^^^^^^^^^^^^

error: redundant type annotation
  --> $DIR/redundant_type_annotations.rs:152:5
   |
LL |     let _var: &[u8] = b"test";
   |     ^^^^^^^^^^^^^^^^^^^^^^^^^^

error: redundant type annotation
  --> $DIR/redundant_type_annotations.rs:155:5
   |
LL |     let _var: bool = false;
   |     ^^^^^^^^^^^^^^^^^^^^^^^

error: aborting due to 15 previous errors

