error: variables can be used directly in the `format!` string
  --> $DIR/uninlined_format_args_panic.rs:11:5
   |
LL |     println!("val='{}'", var);
   |     ^^^^^^^^^^^^^^^^^^^^^^^^^
   |
   = note: this lint can also fix mixed format arg inlining if `allow-mixed-uninlined-format-args = false` is set in the `clippy.toml` file
   = note: `-D clippy::uninlined-format-args` implied by `-D warnings`
help: change this to
   |
LL -     println!("val='{}'", var);
LL +     println!("val='{var}'");
   |

error: aborting due to previous error

