error: variables can be used directly in the `format!` string
  --> $DIR/uninlined_format_args_2018.rs:9:5
   |
LL |     println!("val='{}'", var);
   |     ^^^^^^^^^^^^^^^^^^^^^^^^^
   |
   = note: `-D clippy::uninlined-format-args` implied by `-D warnings`
help: change this to
   |
LL -     println!("val='{}'", var);
LL +     println!("val='{var}'");
   |

error: aborting due to previous error

