error: you seem to be trying to pop elements from a `Vec` in a loop
  --> $DIR/while_pop_unwrap.rs:14:22
   |
LL |     while !numbers.is_empty() {
   |            ------------------ help: try: `while let Some(number) = numbers.pop()`
LL |         let number = numbers.pop().unwrap();
   |                      ^^^^^^^^^^^^^^^^^^^^^^
   |
   = note: this while loop can be written in a more idiomatic way
   = note: `-D clippy::while-pop-unwrap` implied by `-D warnings`

error: you seem to be trying to pop elements from a `Vec` in a loop
  --> $DIR/while_pop_unwrap.rs:22:22
   |
LL |     while !val.numbers.is_empty() {
   |            ---------------------- help: try: `while let Some(number) = val.numbers.pop()`
LL |         let number = val.numbers.pop().unwrap();
   |                      ^^^^^^^^^^^^^^^^^^^^^^^^^^
   |
   = note: this while loop can be written in a more idiomatic way

error: you seem to be trying to pop elements from a `Vec` in a loop
  --> $DIR/while_pop_unwrap.rs:26:20
   |
LL |     while !numbers.is_empty() {
   |            ------------------ help: try: `while let Some(element) = numbers.pop()`
LL |         accept_i32(numbers.pop().unwrap());
   |                    ^^^^^^^^^^^^^^^^^^^^^^
   |
   = note: this while loop can be written in a more idiomatic way

error: you seem to be trying to pop elements from a `Vec` in a loop
  --> $DIR/while_pop_unwrap.rs:30:20
   |
LL |     while !numbers.is_empty() {
   |            ------------------ help: try: `while let Some(element) = numbers.pop()`
LL |         accept_i32(numbers.pop().expect(""));
   |                    ^^^^^^^^^^^^^^^^^^^^^^^^
   |
   = note: this while loop can be written in a more idiomatic way

error: aborting due to 4 previous errors

