error: this loop could be written as a `while let` loop
  --> tests/ui/while_let_loop.rs:6:5
   |
LL | /     loop {
...  |
LL | |     }
   | |_____^ help: try: `while let Some(_x) = y { .. }`
   |
   = note: `-D clippy::while-let-loop` implied by `-D warnings`
   = help: to override `-D warnings` add `#[allow(clippy::while_let_loop)]`

error: this loop could be written as a `while let` loop
  --> tests/ui/while_let_loop.rs:26:5
   |
LL | /     loop {
LL | |
LL | |
LL | |         match y {
...  |
LL | |         };
LL | |     }
   | |_____^ help: try: `while let Some(_x) = y { .. }`

error: this loop could be written as a `while let` loop
  --> tests/ui/while_let_loop.rs:35:5
   |
LL | /     loop {
LL | |
LL | |
LL | |         let x = match y {
...  |
LL | |         let _str = "foo";
LL | |     }
   | |_____^ help: try: `while let Some(x) = y { .. }`

error: this loop could be written as a `while let` loop
  --> tests/ui/while_let_loop.rs:46:5
   |
LL | /     loop {
LL | |
LL | |
LL | |         let x = match y {
...  |
LL | |     }
   | |_____^ help: try: `while let Some(x) = y { .. }`

error: this loop could be written as a `while let` loop
  --> tests/ui/while_let_loop.rs:78:5
   |
LL | /     loop {
LL | |
LL | |
LL | |         let (e, l) = match "".split_whitespace().next() {
...  |
LL | |         let _ = (e, l);
LL | |     }
   | |_____^ help: try: `while let Some(word) = "".split_whitespace().next() { .. }`

error: aborting due to 5 previous errors

