error: usage of wildcard import
  --> $DIR/another_file.rs:11:13
   |
LL |         use super::super::*;
   |             ^^^^^^^^^^^^^^^ help: try: `super::super::foofoo`
   |
   = note: `-D clippy::wildcard-imports` implied by `-D warnings`

error: aborting due to previous error

